###############################################################################
#
# IAR ELF Linker V7.40.3.8902/W32 for ARM                 05/Nov/2017  21:18:20
# Copyright 2007-2015 IAR Systems AB.
#
#    Output file  =  
#        C:\Users\M3R\Desktop\STM32\pcd8544\EWARM\pcd8544\Exe\pcd8544.out
#    Map file     =  
#        C:\Users\M3R\Desktop\STM32\pcd8544\EWARM\pcd8544/List\pcd8544.map
#    Command line =  
#        C:\Users\M3R\Desktop\STM32\pcd8544\EWARM\pcd8544\Obj\Font.o
#        C:\Users\M3R\Desktop\STM32\pcd8544\EWARM\pcd8544\Obj\Graphic.o
#        C:\Users\M3R\Desktop\STM32\pcd8544\EWARM\pcd8544\Obj\main.o
#        C:\Users\M3R\Desktop\STM32\pcd8544\EWARM\pcd8544\Obj\pcd8544.o
#        C:\Users\M3R\Desktop\STM32\pcd8544\EWARM\pcd8544\Obj\startup_stm32f103xe.o
#        C:\Users\M3R\Desktop\STM32\pcd8544\EWARM\pcd8544\Obj\stm32f1xx_hal.o
#        C:\Users\M3R\Desktop\STM32\pcd8544\EWARM\pcd8544\Obj\stm32f1xx_hal_cortex.o
#        C:\Users\M3R\Desktop\STM32\pcd8544\EWARM\pcd8544\Obj\stm32f1xx_hal_dma.o
#        C:\Users\M3R\Desktop\STM32\pcd8544\EWARM\pcd8544\Obj\stm32f1xx_hal_flash.o
#        C:\Users\M3R\Desktop\STM32\pcd8544\EWARM\pcd8544\Obj\stm32f1xx_hal_flash_ex.o
#        C:\Users\M3R\Desktop\STM32\pcd8544\EWARM\pcd8544\Obj\stm32f1xx_hal_gpio.o
#        C:\Users\M3R\Desktop\STM32\pcd8544\EWARM\pcd8544\Obj\stm32f1xx_hal_gpio_ex.o
#        C:\Users\M3R\Desktop\STM32\pcd8544\EWARM\pcd8544\Obj\stm32f1xx_hal_msp.o
#        C:\Users\M3R\Desktop\STM32\pcd8544\EWARM\pcd8544\Obj\stm32f1xx_hal_pwr.o
#        C:\Users\M3R\Desktop\STM32\pcd8544\EWARM\pcd8544\Obj\stm32f1xx_hal_rcc.o
#        C:\Users\M3R\Desktop\STM32\pcd8544\EWARM\pcd8544\Obj\stm32f1xx_hal_rcc_ex.o
#        C:\Users\M3R\Desktop\STM32\pcd8544\EWARM\pcd8544\Obj\stm32f1xx_it.o
#        C:\Users\M3R\Desktop\STM32\pcd8544\EWARM\pcd8544\Obj\system_stm32f1xx.o
#        --redirect _Printf=_PrintfFull --redirect _Scanf=_ScanfFull -o
#        C:\Users\M3R\Desktop\STM32\pcd8544\EWARM\pcd8544\Exe\pcd8544.out --map
#        C:\Users\M3R\Desktop\STM32\pcd8544\EWARM\pcd8544/List\pcd8544.map
#        --config
#        C:\Users\M3R\Desktop\STM32\pcd8544\EWARM/stm32f103xe_flash.icf
#        --semihosting --entry __iar_program_start --vfe
#
###############################################################################

*******************************************************************************
*** RUNTIME MODEL ATTRIBUTES
***

CppFlavor       = *
__SystemLibrary = DLib


*******************************************************************************
*** PLACEMENT SUMMARY
***

"A1":  place at 0x08000000 { ro section .intvec };
"P1":  place in [from 0x08000000 to 0x0807ffff] { ro };
"P2":  place in [from 0x20000000 to 0x2000ffff] { rw, block CSTACK, block HEAP };

  Section            Kind        Address    Size  Object
  -------            ----        -------    ----  ------
"A1":                                      0x130
  .intvec            ro code  0x08000000   0x130  startup_stm32f103xe.o [1]
                            - 0x08000130   0x130

"P1":                                     0x271c
  .text              ro code  0x08000130   0x9b4  Font.o [1]
  .text              ro code  0x08000ae4   0x784  pcd8544.o [1]
  .text              ro code  0x08001268   0x204  Graphic.o [1]
  .text              ro code  0x0800146c   0x1cc  stm32f1xx_hal_gpio.o [1]
  .text              ro code  0x08001638   0x8dc  main.o [1]
  .text              ro code  0x08001f14    0x74  stm32f1xx_hal.o [1]
  .text              ro code  0x08001f88   0x47a  stm32f1xx_hal_rcc.o [1]
  .text              ro code  0x08002404    0xca  stm32f1xx_hal_cortex.o [1]
  .text              ro code  0x080024d0    0x78  stm32f1xx_hal_msp.o [1]
  .text              ro code  0x08002548    0x56  ABImemcpy_unaligned.o [4]
  .text              ro code  0x080025a0    0x5c  system_stm32f1xx.o [1]
  .text              ro code  0x080025fc    0x40  zero_init3.o [4]
  .text              ro code  0x0800263c    0x2c  copy_init3.o [4]
  .text              ro code  0x08002668    0x28  data_init.o [4]
  .iar.init_table    const    0x08002690    0x24  - Linker created -
  .text              ro code  0x080026b4    0x1e  stm32f1xx_it.o [1]
  .text              ro code  0x080026d4    0x1a  cmain.o [4]
  .text              ro code  0x080026ee     0x4  low_level_init.o [3]
  .text              ro code  0x080026f2     0x4  exit.o [3]
  .text              ro code  0x080026f8     0xa  cexit.o [4]
  .text              ro code  0x08002704    0x14  exit.o [5]
  .text              ro code  0x08002718    0x10  startup_stm32f103xe.o [1]
  .text              ro code  0x08002728     0xc  cstartup_M.o [4]
  .text              ro code  0x08002734     0x4  startup_stm32f103xe.o [1]
  .text              ro code  0x08002738     0x4  startup_stm32f103xe.o [1]
  .text              ro code  0x0800273c     0x4  startup_stm32f103xe.o [1]
  .text              ro code  0x08002740     0x4  startup_stm32f103xe.o [1]
  .text              ro code  0x08002744     0x4  startup_stm32f103xe.o [1]
  .text              ro code  0x08002748     0x4  startup_stm32f103xe.o [1]
  .text              ro code  0x0800274c     0x4  startup_stm32f103xe.o [1]
  .text              ro code  0x08002750     0x4  startup_stm32f103xe.o [1]
  .text              ro code  0x08002754     0x4  startup_stm32f103xe.o [1]
  .text              ro code  0x08002758     0x4  startup_stm32f103xe.o [1]
  .text              ro code  0x0800275c     0x4  startup_stm32f103xe.o [1]
  .text              ro code  0x08002760     0x4  startup_stm32f103xe.o [1]
  .text              ro code  0x08002764     0x4  startup_stm32f103xe.o [1]
  .text              ro code  0x08002768     0x4  startup_stm32f103xe.o [1]
  .text              ro code  0x0800276c     0x4  startup_stm32f103xe.o [1]
  .text              ro code  0x08002770     0x4  startup_stm32f103xe.o [1]
  .text              ro code  0x08002774     0x4  startup_stm32f103xe.o [1]
  .text              ro code  0x08002778     0x4  startup_stm32f103xe.o [1]
  .text              ro code  0x0800277c     0x4  startup_stm32f103xe.o [1]
  .text              ro code  0x08002780     0x4  startup_stm32f103xe.o [1]
  .text              ro code  0x08002784     0x4  startup_stm32f103xe.o [1]
  .text              ro code  0x08002788     0x4  startup_stm32f103xe.o [1]
  .text              ro code  0x0800278c     0x4  startup_stm32f103xe.o [1]
  .text              ro code  0x08002790     0x4  startup_stm32f103xe.o [1]
  .text              ro code  0x08002794     0x4  startup_stm32f103xe.o [1]
  .text              ro code  0x08002798     0x4  startup_stm32f103xe.o [1]
  .text              ro code  0x0800279c     0x4  startup_stm32f103xe.o [1]
  .text              ro code  0x080027a0     0x4  startup_stm32f103xe.o [1]
  .text              ro code  0x080027a4     0x4  startup_stm32f103xe.o [1]
  .text              ro code  0x080027a8     0x4  startup_stm32f103xe.o [1]
  .text              ro code  0x080027ac     0x4  startup_stm32f103xe.o [1]
  .text              ro code  0x080027b0     0x4  startup_stm32f103xe.o [1]
  .text              ro code  0x080027b4     0x4  startup_stm32f103xe.o [1]
  .text              ro code  0x080027b8     0x4  startup_stm32f103xe.o [1]
  .text              ro code  0x080027bc     0x4  startup_stm32f103xe.o [1]
  .text              ro code  0x080027c0     0x4  startup_stm32f103xe.o [1]
  .text              ro code  0x080027c4     0x4  startup_stm32f103xe.o [1]
  .text              ro code  0x080027c8     0x4  startup_stm32f103xe.o [1]
  .text              ro code  0x080027cc     0x4  startup_stm32f103xe.o [1]
  .text              ro code  0x080027d0     0x4  startup_stm32f103xe.o [1]
  .text              ro code  0x080027d4     0x4  startup_stm32f103xe.o [1]
  .text              ro code  0x080027d8     0x4  startup_stm32f103xe.o [1]
  .text              ro code  0x080027dc     0x4  startup_stm32f103xe.o [1]
  .text              ro code  0x080027e0     0x4  startup_stm32f103xe.o [1]
  .text              ro code  0x080027e4     0x4  startup_stm32f103xe.o [1]
  .text              ro code  0x080027e8     0x4  startup_stm32f103xe.o [1]
  .text              ro code  0x080027ec     0x4  startup_stm32f103xe.o [1]
  .text              ro code  0x080027f0     0x4  startup_stm32f103xe.o [1]
  .text              ro code  0x080027f4     0x4  startup_stm32f103xe.o [1]
  .text              ro code  0x080027f8     0x4  startup_stm32f103xe.o [1]
  .text              ro code  0x080027fc     0x4  startup_stm32f103xe.o [1]
  .text              ro code  0x08002800     0x4  startup_stm32f103xe.o [1]
  .text              ro code  0x08002804     0x4  startup_stm32f103xe.o [1]
  .text              ro code  0x08002808     0x4  startup_stm32f103xe.o [1]
  .text              ro code  0x0800280c     0x4  startup_stm32f103xe.o [1]
  .text              ro code  0x08002810     0x4  startup_stm32f103xe.o [1]
  .text              ro code  0x08002814     0x4  startup_stm32f103xe.o [1]
  .text              ro code  0x08002818     0x4  startup_stm32f103xe.o [1]
  .text              ro code  0x0800281c     0x4  startup_stm32f103xe.o [1]
  .text              ro code  0x08002820     0x4  startup_stm32f103xe.o [1]
  .rodata            const    0x08002824     0x0  zero_init3.o [4]
  .rodata            const    0x08002824     0x0  copy_init3.o [4]
  Initializer bytes  const    0x08002824    0x28  <for P2 s0>
                            - 0x0800284c  0x271c

"P2":                                      0x630
  P2 s0                       0x20000000    0x28  <Init block>
    .data            inited   0x20000000    0x24  Font.o [1]
    .data            inited   0x20000024     0x4  system_stm32f1xx.o [1]
  .bss               zero     0x20000028   0x1f8  pcd8544.o [1]
  .bss               zero     0x20000220     0x4  pcd8544.o [1]
  .bss               zero     0x20000224     0x4  stm32f1xx_hal.o [1]
  .bss               zero     0x20000228     0x2  pcd8544.o [1]
  CSTACK                      0x20000230   0x400  <Block>
    CSTACK           uninit   0x20000230   0x400  <Block tail>
                            - 0x20000630   0x630


*******************************************************************************
*** INIT TABLE
***

          Address     Size
          -------     ----
Zero (__iar_zero_init3)
    1 destination range, total size 0x202:
          0x20000028  0x202

Copy (__iar_copy_init3)
    1 source range, total size 0x28:
          0x08002824   0x28
    1 destination range, total size 0x28:
          0x20000000   0x28



*******************************************************************************
*** MODULE SUMMARY
***

    Module                  ro code  ro data  rw data
    ------                  -------  -------  -------
C:\Users\M3R\Desktop\STM32\pcd8544\EWARM\pcd8544\Obj: [1]
    Font.o                    2 484       36       36
    Graphic.o                   516
    main.o                    2 268
    pcd8544.o                 1 924               510
    startup_stm32f103xe.o       560
    stm32f1xx_hal.o             116                 4
    stm32f1xx_hal_cortex.o      202
    stm32f1xx_hal_gpio.o        460
    stm32f1xx_hal_msp.o         120
    stm32f1xx_hal_rcc.o       1 146
    stm32f1xx_it.o               30
    system_stm32f1xx.o           92        4        4
    -------------------------------------------------
    Total:                    9 918       40      554

command line: [2]
    -------------------------------------------------
    Total:

dl7M_tlf.a: [3]
    exit.o                        4
    low_level_init.o              4
    -------------------------------------------------
    Total:                        8

rt7M_tl.a: [4]
    ABImemcpy_unaligned.o        86
    cexit.o                      10
    cmain.o                      26
    copy_init3.o                 44
    cstartup_M.o                 12
    data_init.o                  40
    zero_init3.o                 64
    -------------------------------------------------
    Total:                      282

shb_l.a: [5]
    exit.o                       20
    -------------------------------------------------
    Total:                       20

    Gaps                         12
    Linker created                        36    1 024
-----------------------------------------------------
    Grand Total:             10 240       76    1 578


*******************************************************************************
*** ENTRY LIST
***

Entry                      Address   Size  Type      Object
-----                      -------   ----  ----      ------
.iar.init_table$$Base   0x08002690          --   Gb  - Linker created -
.iar.init_table$$Limit  0x080026b4          --   Gb  - Linker created -
?main                   0x080026d5         Code  Gb  cmain.o [4]
AF9x10                  0x080016dc  0x7c0  Data  Gb  main.o [1]
AHBPrescTable           0x080025ec   0x10  Data  Gb  system_stm32f1xx.o [1]
BkColor                 0x20000012    0x2  Data  Gb  Font.o [1]
BusFault_Handler        0x080026bb    0x2  Code  Gb  stm32f1xx_it.o [1]
CSTACK$$Base            0x20000230          --   Gb  - Linker created -
CSTACK$$Limit           0x20000630          --   Gb  - Linker created -
CalcTextWidth           0x08000643   0x10  Code  Gb  Font.o [1]
CalcTextWidthEN         0x08000465   0x66  Code  Gb  Font.o [1]
CalcTextWidthPE         0x080004cb  0x178  Code  Gb  Font.o [1]
DebugMon_Handler        0x080026c1    0x2  Code  Gb  stm32f1xx_it.o [1]
FgColor                 0x20000010    0x2  Data  Gb  Font.o [1]
FontFixed               0x20000003    0x1  Data  Gb  Font.o [1]
FontHeight              0x20000009    0x1  Data  Gb  Font.o [1]
FontPointer             0x20000018    0x4  Data  Gb  Font.o [1]
FontSpace               0x2000000c    0x1  Data  Gb  Font.o [1]
FontWidth               0x20000008    0x1  Data  Gb  Font.o [1]
FontXScale              0x2000000a    0x1  Data  Gb  Font.o [1]
FontYScale              0x2000000b    0x1  Data  Gb  Font.o [1]
HAL_Delay               0x08001f69   0x18  Code  Wk  stm32f1xx_hal.o [1]
HAL_GPIO_Init           0x0800146d  0x188  Code  Gb  stm32f1xx_hal_gpio.o [1]
HAL_GPIO_WritePin       0x080015f5    0x8  Code  Gb  stm32f1xx_hal_gpio.o [1]
HAL_GetTick             0x08001f63    0x6  Code  Wk  stm32f1xx_hal.o [1]
HAL_IncTick             0x08001f59    0xa  Code  Wk  stm32f1xx_hal.o [1]
HAL_Init                0x08001f15   0x20  Code  Gb  stm32f1xx_hal.o [1]
HAL_InitTick            0x08001f35   0x24  Code  Wk  stm32f1xx_hal.o [1]
HAL_MspInit             0x080024d1   0x78  Code  Gb  stm32f1xx_hal_msp.o [1]
HAL_NVIC_SetPriority    0x08002439   0x3a  Code  Gb  stm32f1xx_hal_cortex.o [1]
HAL_NVIC_SetPriorityGrouping
                        0x0800241f   0x1a  Code  Gb  stm32f1xx_hal_cortex.o [1]
HAL_RCC_ClockConfig     0x08002249  0x114  Code  Gb  stm32f1xx_hal_rcc.o [1]
HAL_RCC_GetHCLKFreq     0x080023c3    0x6  Code  Gb  stm32f1xx_hal_rcc.o [1]
HAL_RCC_GetSysClockFreq
                        0x08002371   0x52  Code  Gb  stm32f1xx_hal_rcc.o [1]
HAL_RCC_OscConfig       0x08001f89  0x2ae  Code  Gb  stm32f1xx_hal_rcc.o [1]
HAL_SYSTICK_CLKSourceConfig
                        0x0800249b   0x14  Code  Gb  stm32f1xx_hal_cortex.o [1]
HAL_SYSTICK_Callback    0x080024cd    0x2  Code  Wk  stm32f1xx_hal_cortex.o [1]
HAL_SYSTICK_Config      0x08002473   0x28  Code  Gb  stm32f1xx_hal_cortex.o [1]
HAL_SYSTICK_IRQHandler  0x080024c5    0x8  Code  Gb  stm32f1xx_hal_cortex.o [1]
HardFault_Handler       0x080026b7    0x2  Code  Gb  stm32f1xx_it.o [1]
Horizontal_font         0x20000002    0x1  Data  Gb  Font.o [1]
LcdClear                0x08000b6d   0x14  Code  Gb  pcd8544.o [1]
LcdFont                 0x080007b5   0x22  Code  Gb  Font.o [1]
LcdInitialise           0x08000b81   0x4a  Code  Gb  pcd8544.o [1]
LcdWrite                0x08000b2f   0x36  Code  Gb  pcd8544.o [1]
MemManage_Handler       0x080026b9    0x2  Code  Gb  stm32f1xx_it.o [1]
NMI_Handler             0x080026b5    0x2  Code  Gb  stm32f1xx_it.o [1]
NVIC_SetPriority        0x08002405   0x1a  Code  Lc  stm32f1xx_hal_cortex.o [1]
NonTransparence         0x20000004    0x1  Data  Gb  Font.o [1]
PCD8544_Buffer          0x20000028  0x1f8  Data  Gb  pcd8544.o [1]
PCD8544_DrawFilledRectangle
                        0x08000eb3   0x28  Code  Gb  pcd8544.o [1]
PCD8544_DrawLine        0x08000db7   0xb4  Code  Gb  pcd8544.o [1]
PCD8544_DrawPixel       0x08000bef   0x3c  Code  Gb  pcd8544.o [1]
PCD8544_DrawRectangle   0x08000e73   0x40  Code  Gb  pcd8544.o [1]
PCD8544_Font3x5         0x08001128  0x140  Data  Gb  pcd8544.o [1]
PCD8544_Font5x7         0x08000ee0  0x248  Data  Gb  pcd8544.o [1]
PCD8544_Putc            0x08000cc3   0xc6  Code  Gb  pcd8544.o [1]
PCD8544_Puts            0x08000d99   0x1e  Code  Gb  pcd8544.o [1]
PCD8544_Refresh         0x08000c2f   0x5e  Code  Gb  pcd8544.o [1]
PCD8544_UpdateArea      0x08000c95   0x2e  Code  Gb  pcd8544.o [1]
PCD8544_UpdateXmax      0x20000221    0x1  Data  Gb  pcd8544.o [1]
PCD8544_UpdateXmin      0x20000220    0x1  Data  Gb  pcd8544.o [1]
PCD8544_UpdateYmax      0x20000223    0x1  Data  Gb  pcd8544.o [1]
PCD8544_UpdateYmin      0x20000222    0x1  Data  Gb  pcd8544.o [1]
PCD8544_x               0x20000228    0x1  Data  Gb  pcd8544.o [1]
PCD8544_y               0x20000229    0x1  Data  Gb  pcd8544.o [1]
PEmap                   0x08000968  0x17c  Data  Lc  Font.o [1]
PendSV_Handler          0x080026c3    0x2  Code  Gb  stm32f1xx_it.o [1]
PutCharEN               0x08000131  0x1a8  Code  Gb  Font.o [1]
PutCharPE               0x080002d9  0x186  Code  Gb  Font.o [1]
PutText                 0x0800080b   0x82  Code  Gb  Font.o [1]
Puts                    0x080007e7   0x24  Code  Gb  Font.o [1]
PutsPE                  0x08000653  0x162  Code  Gb  Font.o [1]
Region$$Table$$Base     0x08002690          --   Gb  - Linker created -
Region$$Table$$Limit    0x080026b4          --   Gb  - Linker created -
Reverse                 0x20000001    0x1  Data  Gb  Font.o [1]
RoundRectangle          0x08001269  0x1a4  Code  Gb  Graphic.o [1]
SVC_Handler             0x080026bf    0x2  Code  Gb  stm32f1xx_it.o [1]
SetLetter               0x080007d7   0x10  Code  Gb  Font.o [1]
SysTick_Handler         0x080026c5    0xe  Code  Gb  stm32f1xx_it.o [1]
SystemClock_Config      0x08001e9d   0x5e  Code  Gb  main.o [1]
SystemCoreClock         0x20000024    0x4  Data  Gb  system_stm32f1xx.o [1]
SystemInit              0x080025a1   0x3a  Code  Gb  system_stm32f1xx.o [1]
TextBox                 0x0800088d   0xc4  Code  Gb  Font.o [1]
UsageFault_Handler      0x080026bd    0x2  Code  Gb  stm32f1xx_it.o [1]
__cmain                 0x080026d5         Code  Gb  cmain.o [4]
__exit                  0x08002705   0x14  Code  Gb  exit.o [5]
__iar_copy_init3        0x0800263d   0x2c  Code  Gb  copy_init3.o [4]
__iar_data_init3        0x08002669   0x28  Code  Gb  data_init.o [4]
__iar_program_start     0x08002729         Code  Gb  cstartup_M.o [4]
__iar_unaligned___aeabi_memcpy4
                        0x08002549         Code  Gb  ABImemcpy_unaligned.o [4]
__iar_unaligned___aeabi_memcpy8
                        0x08002549         Code  Gb  ABImemcpy_unaligned.o [4]
__iar_zero_init3        0x080025fd   0x40  Code  Gb  zero_init3.o [4]
__low_level_init        0x080026ef    0x4  Code  Gb  low_level_init.o [3]
__vector_table          0x08000000         Data  Gb  startup_stm32f103xe.o [1]
_call_main              0x080026e1         Code  Gb  cmain.o [4]
_exit                   0x080026f9         Code  Gb  cexit.o [4]
_main                   0x080026eb         Code  Gb  cmain.o [4]
charwidth               0x20000007    0x1  Data  Gb  Font.o [1]
cursorX                 0x2000001c    0x4  Data  Gb  Font.o [1]
cursorY                 0x20000020    0x4  Data  Gb  Font.o [1]
exit                    0x080026f3    0x4  Code  Gb  exit.o [3]
firstchar               0x20000005    0x1  Data  Gb  Font.o [1]
fontSize                0x20000014    0x2  Data  Gb  Font.o [1]
gotoXY                  0x08000bdd   0x12  Code  Gb  pcd8544.o [1]
lastchar                0x20000006    0x1  Data  Gb  Font.o [1]
main                    0x08001639   0x92  Code  Gb  main.o [1]
nextLet                 0x2000000f    0x1  Data  Gb  Font.o [1]
peLETTER                0x2000000d    0x1  Data  Gb  Font.o [1]
prevLet                 0x2000000e    0x1  Data  Gb  Font.o [1]
rot                     0x20000000    0x1  Data  Gb  Font.o [1]
spi_soft                0x08000ae5   0x42  Code  Gb  pcd8544.o [1]
uwTick                  0x20000224    0x4  Data  Lc  stm32f1xx_hal.o [1]


[1] = C:\Users\M3R\Desktop\STM32\pcd8544\EWARM\pcd8544\Obj
[2] = command line
[3] = dl7M_tlf.a
[4] = rt7M_tl.a
[5] = shb_l.a

  10 240 bytes of readonly  code memory
      76 bytes of readonly  data memory
   1 578 bytes of readwrite data memory

Errors: none
Warnings: none
